/ -> /home/exuber/CODE/CORE/pythonProject1/AUTORESEARCH/FLUXLOOP_SITE/offline-preview/index.html
/en/ -> /home/exuber/CODE/CORE/pythonProject1/AUTORESEARCH/FLUXLOOP_SITE/offline-preview/en/index.html
/platform/ -> /home/exuber/CODE/CORE/pythonProject1/AUTORESEARCH/FLUXLOOP_SITE/offline-preview/platform/index.html
/products/ -> /home/exuber/CODE/CORE/pythonProject1/AUTORESEARCH/FLUXLOOP_SITE/offline-preview/products/index.html
/technology/ -> /home/exuber/CODE/CORE/pythonProject1/AUTORESEARCH/FLUXLOOP_SITE/offline-preview/technology/index.html
/technology/fluxprsi/ -> /home/exuber/CODE/CORE/pythonProject1/AUTORESEARCH/FLUXLOOP_SITE/offline-preview/technology/fluxprsi/index.html
/technology/fluxkernel/ -> /home/exuber/CODE/CORE/pythonProject1/AUTORESEARCH/FLUXLOOP_SITE/offline-preview/technology/fluxkernel/index.html
/technology/mechanogenesis/ -> /home/exuber/CODE/CORE/pythonProject1/AUTORESEARCH/FLUXLOOP_SITE/offline-preview/technology/mechanogenesis/index.html
/technology/edge-model/ -> /home/exuber/CODE/CORE/pythonProject1/AUTORESEARCH/FLUXLOOP_SITE/offline-preview/technology/edge-model/index.html
/research/ -> /home/exuber/CODE/CORE/pythonProject1/AUTORESEARCH/FLUXLOOP_SITE/offline-preview/research/index.html
/research/mechanogenesisbench/ -> /home/exuber/CODE/CORE/pythonProject1/AUTORESEARCH/FLUXLOOP_SITE/offline-preview/research/mechanogenesisbench/index.html
/research/machines-that-accelerate-machine-making/ -> /home/exuber/CODE/CORE/pythonProject1/AUTORESEARCH/FLUXLOOP_SITE/offline-preview/research/machines-that-accelerate-machine-making/index.html
/contact/ -> /home/exuber/CODE/CORE/pythonProject1/AUTORESEARCH/FLUXLOOP_SITE/offline-preview/contact/index.html
/evidence/ -> /home/exuber/CODE/CORE/pythonProject1/AUTORESEARCH/FLUXLOOP_SITE/offline-preview/evidence/index.html
/company/ -> /home/exuber/CODE/CORE/pythonProject1/AUTORESEARCH/FLUXLOOP_SITE/offline-preview/company/index.html
/fluxworkbench/ -> /home/exuber/CODE/CORE/pythonProject1/AUTORESEARCH/FLUXLOOP_SITE/offline-preview/fluxworkbench/index.html
/fluxnode/ -> /home/exuber/CODE/CORE/pythonProject1/AUTORESEARCH/FLUXLOOP_SITE/offline-preview/fluxnode/index.html
/devready/ -> /home/exuber/CODE/CORE/pythonProject1/AUTORESEARCH/FLUXLOOP_SITE/offline-preview/devready/index.html
/waitlist/ -> /home/exuber/CODE/CORE/pythonProject1/AUTORESEARCH/FLUXLOOP_SITE/offline-preview/waitlist/index.html
/talk/ -> /home/exuber/CODE/CORE/pythonProject1/AUTORESEARCH/FLUXLOOP_SITE/offline-preview/talk/index.html
